Renesas Optimizing Linker (W2.06.00 )             18-Aug-2018 22:32:30

*** Options ***

-subcommand=DefaultBuild\sakura2.clnk
-library=DefaultBuild\sakura2.lib
-input=DefaultBuild\vecttbl.obj
-noprelink
-nodebug
-output=DefaultBuild\sakura2.abs
-list=DefaultBuild\sakura2.map
-nooptimize
-start=B_1,R_1,B_2,R_2,B,R,SU,SI/04,PResetPRG/0FFF00000,C_1,C_2,C,C$DSEC,C$BSEC,C$INIT,C$VTBL,C$VECT,D_1,D_2,D,P,PIntPRG,W_1,W_2,W,L/0FFF00100,FIXEDVECT/0FFFFFFD0
-rom=D=R,D_1=R_1,D_2=R_2
-nologo
-end

*** Error information ***

E0562310:Undefined external symbol "_Excep_SuperVisorInst" referenced in "DefaultBuild\vecttbl.obj"
E0562310:Undefined external symbol "_PowerON_Reset_PC" referenced in "DefaultBuild\vecttbl.obj"
E0562310:Undefined external symbol "_Excep_UndefinedInst" referenced in "DefaultBuild\vecttbl.obj"
E0562310:Undefined external symbol "_Excep_FloatingPoint" referenced in "DefaultBuild\vecttbl.obj"
E0562310:Undefined external symbol "_NonMaskableInterrupt" referenced in "DefaultBuild\vecttbl.obj"
E0562310:Undefined external symbol "_Excep_AccessInst" referenced in "DefaultBuild\vecttbl.obj"
E0562310:Undefined external symbol "_Dummy" referenced in "DefaultBuild\vecttbl.obj"
