Renesas Optimizing Linker (W2.06.00 )             02-Aug-2018 23:10:07

*** Options ***

-subcommand=DefaultBuild\sakura2.clnk
-library=DefaultBuild\sakura2.lib
-input=DefaultBuild\dbsct.obj
-input=DefaultBuild\intprg.obj
-input=DefaultBuild\resetprg.obj
-input=DefaultBuild\sakura2.obj
-input=DefaultBuild\sbrk.obj
-input=DefaultBuild\vecttbl.obj
-input=DefaultBuild\libs.obj
-noprelink
-output=DefaultBuild\sakura2.abs
-list=DefaultBuild\sakura2.map
-nooptimize
-start=B_1,R_1,B_2,R_2,B,R,SU,SI/04,PResetPRG/0FFF00000,C_1,C_2,C,C$DSEC,C$BSEC,C$INIT,C$VTBL,C$VECT,D_1,D_2,D,P,PIntPRG,W_1,W_2,W,L/0FFF00100,FIXEDVECT/0FFFFFFD0
-rom=D=R,D_1=R_1,D_2=R_2
-nologo
-end

*** Error information ***

*** Mapping List ***

SECTION                            START      END         SIZE   ALIGN

B_1
                                  00000004  00000004         0   1
R_1
                                  00000004  00000004         0   1
B_2
                                  00000004  00000004         0   1
R_2
                                  00000004  00000004         0   1
B
                                  00000004  00000407       404   4
R
                                  00000408  0000040b         4   4
SU
                                  0000040c  0000050b       100   4
SI
                                  0000050c  0000080b       300   4
PResetPRG
                                  fff00000  fff00030        31   1
C_1
                                  fff00100  fff00100         0   1
C_2
                                  fff00100  fff00100         0   1
C
                                  fff00100  fff00133        34   4
C$DSEC
                                  fff00134  fff00157        24   4
C$BSEC
                                  fff00158  fff0016f        18   4
C$INIT
                                  fff00170  fff00170         0   1
C$VTBL
                                  fff00170  fff00170         0   1
C$VECT
                                  fff00170  fff0056f       400   4
D_1
                                  fff00570  fff00570         0   1
D_2
                                  fff00570  fff00570         0   1
D
                                  fff00570  fff00573         4   4
P
                                  fff00574  fff00615        a2   1
PIntPRG
                                  fff00616  fff007b3       19e   1
W_1
                                  fff007b4  fff007b4         0   1
W_2
                                  fff007b4  fff007b4         0   1
W
                                  fff007b4  fff007b4         0   1
L
                                  fff007b4  fff007b4         0   1
$ADDR_C_FFFFFF80
                                  ffffff80  ffffff83         4   1
$ADDR_C_FFFFFFA0
                                  ffffffa0  ffffffaf        10   1
FIXEDVECT
                                  ffffffd0  ffffffff        30   4
